
Allocating common symbols
Common symbol       size              file

Alarm_Back_Signal   0x4               alarm.o
ALARM_state         0x4               alarm.o
PS_Forward_Signal   0x4               alarm.o
PS_state            0x4               main.o
PS_State_id         0x1               main.o
ALARM_State_id      0x1               alarm.o

Memory Configuration

Name             Origin             Length             Attributes
FLASH            0x08000000         0x00020000         xr
SRAM             0x20000000         0x00005000         xrw
*default*        0x00000000         0xffffffff

Linker script and memory map


.text           0x08000000      0x438
 *(.vectors*)
 .vectors       0x08000000       0x1c startup.o
                0x08000000                vectors
 *(.text)
 .text          0x0800001c      0x17c alarm.o
                0x0800001c                ST_ALARM_init
                0x0800004c                ST_ALARM_WAITING
                0x080000d8                ST_ALARM_ON
                0x08000110                ST_ALARM_OFF
                0x08000140                Alarm_OFF
                0x08000174                HighPressure_Alarm
 .text          0x08000198      0x10c driver.o
                0x08000198                Delay
                0x080001bc                getPressureVal
                0x080001d4                Set_Alarm_actuator
                0x08000224                GPIO_INITIALIZATION
 .text          0x080002a4       0x38 main.o
                0x080002a4                setup
                0x080002b8                main
 .text          0x080002dc       0xa0 sensor.o
                0x080002dc                ST_PS_WAITING
                0x08000360                ST_PS_init
 .text          0x0800037c       0xbc startup.o
                0x0800037c                Reset_Handler
                0x0800042c                MM_Fault_Handler
                0x0800042c                H_Fault_Handler
                0x0800042c                Bus_Fault
                0x0800042c                Default_Handler
                0x0800042c                Usage_Fault_Handler
                0x0800042c                NMI_Handler
 *(.rodata)
                0x08000438                . = ALIGN (0x4)
                0x08000438                _E_text = .

.glue_7         0x08000438        0x0
 .glue_7        0x00000000        0x0 linker stubs

.glue_7t        0x08000438        0x0
 .glue_7t       0x00000000        0x0 linker stubs

.vfp11_veneer   0x08000438        0x0
 .vfp11_veneer  0x00000000        0x0 linker stubs

.v4_bx          0x08000438        0x0
 .v4_bx         0x00000000        0x0 linker stubs

.iplt           0x08000438        0x0
 .iplt          0x00000000        0x0 alarm.o

.rel.dyn        0x08000438        0x0
 .rel.iplt      0x00000000        0x0 alarm.o

.data           0x20000000        0x8 load address 0x08000438
                0x20000000                _S_data = .
 *(.data)
 .data          0x20000000        0x4 alarm.o
                0x20000000                alarmTimer
 .data          0x20000004        0x0 driver.o
 .data          0x20000004        0x0 main.o
 .data          0x20000004        0x4 sensor.o
                0x20000004                pull_time
 .data          0x20000008        0x0 startup.o
                0x20000008                . = ALIGN (0x4)
                0x20000008                _E_data = .

.igot.plt       0x20000008        0x0 load address 0x08000440
 .igot.plt      0x00000000        0x0 alarm.o

.bss            0x20000008     0x201c load address 0x08000440
                0x20000008                _S_bss = .
 *(.bss)
 .bss           0x20000008        0x0 alarm.o
 .bss           0x20000008        0x0 driver.o
 .bss           0x20000008        0x0 main.o
 .bss           0x20000008        0x4 sensor.o
                0x20000008                Pval
 .bss           0x2000000c        0x0 startup.o
 *(COMMON)
 COMMON         0x2000000c        0xd alarm.o
                0x2000000c                Alarm_Back_Signal
                0x20000010                ALARM_state
                0x20000014                PS_Forward_Signal
                0x20000018                ALARM_State_id
 *fill*         0x20000019        0x3 
 COMMON         0x2000001c        0x5 main.o
                0x2000001c                PS_state
                0x20000020                PS_State_id
                0x20000024                . = ALIGN (0x4)
 *fill*         0x20000021        0x3 
                0x20000024                _E_bss = .
                0x20000024                . = ALIGN (0x4)
                0x20001024                . = (. + 0x1000)
 *fill*         0x20000024     0x1000 
                0x20001024                _heap_End = .
                0x20002024                . = (. + 0x1000)
 *fill*         0x20001024     0x1000 
                0x20002024                _stack_top = .
LOAD alarm.o
LOAD driver.o
LOAD main.o
LOAD sensor.o
LOAD startup.o
OUTPUT(PressureControl_System.elf elf32-littlearm)

.debug_info     0x00000000      0x677
 .debug_info    0x00000000      0x182 alarm.o
 .debug_info    0x00000182      0x103 driver.o
 .debug_info    0x00000285      0x14b main.o
 .debug_info    0x000003d0      0x12c sensor.o
 .debug_info    0x000004fc      0x17b startup.o

.debug_abbrev   0x00000000      0x31b
 .debug_abbrev  0x00000000       0x94 alarm.o
 .debug_abbrev  0x00000094       0x9d driver.o
 .debug_abbrev  0x00000131       0x94 main.o
 .debug_abbrev  0x000001c5       0x92 sensor.o
 .debug_abbrev  0x00000257       0xc4 startup.o

.debug_loc      0x00000000      0x2e4
 .debug_loc     0x00000000      0x108 alarm.o
 .debug_loc     0x00000108       0xc8 driver.o
 .debug_loc     0x000001d0       0x58 main.o
 .debug_loc     0x00000228       0x58 sensor.o
 .debug_loc     0x00000280       0x64 startup.o

.debug_aranges  0x00000000       0xa0
 .debug_aranges
                0x00000000       0x20 alarm.o
 .debug_aranges
                0x00000020       0x20 driver.o
 .debug_aranges
                0x00000040       0x20 main.o
 .debug_aranges
                0x00000060       0x20 sensor.o
 .debug_aranges
                0x00000080       0x20 startup.o

.debug_line     0x00000000      0x28d
 .debug_line    0x00000000       0x6d alarm.o
 .debug_line    0x0000006d       0x99 driver.o
 .debug_line    0x00000106       0x6d main.o
 .debug_line    0x00000173       0x5b sensor.o
 .debug_line    0x000001ce       0xbf startup.o

.debug_str      0x00000000      0x27d
 .debug_str     0x00000000      0x147 alarm.o
                                0x1a1 (size before relaxing)
 .debug_str     0x00000147       0x55 driver.o
                                0x12e (size before relaxing)
 .debug_str     0x0000019c       0x27 main.o
                                0x16b (size before relaxing)
 .debug_str     0x000001c3       0x31 sensor.o
                                0x14e (size before relaxing)
 .debug_str     0x000001f4       0x89 startup.o
                                0x16b (size before relaxing)

.comment        0x00000000       0x11
 .comment       0x00000000       0x11 alarm.o
                                 0x12 (size before relaxing)
 .comment       0x00000000       0x12 driver.o
 .comment       0x00000000       0x12 main.o
 .comment       0x00000000       0x12 sensor.o
 .comment       0x00000000       0x12 startup.o

.ARM.attributes
                0x00000000       0x33
 .ARM.attributes
                0x00000000       0x33 alarm.o
 .ARM.attributes
                0x00000033       0x33 driver.o
 .ARM.attributes
                0x00000066       0x33 main.o
 .ARM.attributes
                0x00000099       0x33 sensor.o
 .ARM.attributes
                0x000000cc       0x33 startup.o

.debug_frame    0x00000000      0x200
 .debug_frame   0x00000000       0xb0 alarm.o
 .debug_frame   0x000000b0       0x78 driver.o
 .debug_frame   0x00000128       0x48 main.o
 .debug_frame   0x00000170       0x44 sensor.o
 .debug_frame   0x000001b4       0x4c startup.o
